Microchip MPLAB XC8 Compiler V2.10 ()

Linker command line:

-W-3 --edf=C:\Program Files (x86)\Microchip\xc8\v2.10\pic\dat\en_msgs.txt \
  -cs -h+dist/default/production\XboxOneX_project.X.production.sym \
  --cmf=dist/default/production\XboxOneX_project.X.production.cmf -z \
  -Q16F1825 -oC:\Users\georg\AppData\Local\Temp\sl90.2 \
  --defsym=__MPLAB_BUILD=1 \
  -Mdist/default/production/XboxOneX_project.X.production.map -E1 -ver=XC8 \
  --acfsm=1493 -ASTACK=0200Ch-023EFh -pstack=STACK -ACODE=00h-07FFhx4 \
  -ASTRCODE=00h-01FFFh -ASTRING=00h-0FFhx32 -ACONST=00h-0FFhx32 \
  -AENTRY=00h-0FFhx32 -ACOMMON=070h-07Fh -ABANK0=020h-06Fh \
  -ABANK1=0A0h-0EFh -ABANK2=0120h-016Fh -ABANK3=01A0h-01EFh \
  -ABANK4=0220h-026Fh -ABANK5=02A0h-02EFh -ABANK6=0320h-036Fh \
  -ABANK7=03A0h-03EFh -ABANK8=0420h-046Fh -ABANK9=04A0h-04EFh \
  -ABANK10=0520h-056Fh -ABANK11=05A0h-05EFh -ABANK12=0620h-064Fh \
  -ABIGRAM=02000h-023EFh \
  -ARAM=020h-06Fh,0A0h-0EFh,0120h-016Fh,01A0h-01EFh,0220h-026Fh,02A0h-02EFh,0320h-036Fh,03A0h-03EFh,0420h-046Fh,04A0h-04EFh,0520h-056Fh,05A0h-05EFh,0620h-064Fh \
  -AABS1=020h-07Fh,0A0h-0EFh,0120h-016Fh,01A0h-01EFh,0220h-026Fh,02A0h-02EFh,0320h-036Fh,03A0h-03EFh,0420h-046Fh,04A0h-04EFh,0520h-056Fh,05A0h-05EFh,0620h-064Fh \
  -ASFR0=00h-01Fh -ASFR1=080h-09Fh -ASFR2=0100h-011Fh -ASFR3=0180h-019Fh \
  -ASFR4=0200h-021Fh -ASFR5=0280h-029Fh -ASFR6=0300h-031Fh \
  -ASFR7=0380h-039Fh -ASFR8=0400h-041Fh -ASFR9=0480h-049Fh \
  -ASFR10=0500h-051Fh -ASFR11=0580h-059Fh -ASFR12=0600h-061Fh \
  -ASFR13=0680h-06EFh -ASFR14=0700h-076Fh -ASFR15=0780h-07EFh \
  -ASFR16=0800h-086Fh -ASFR17=0880h-08EFh -ASFR18=0900h-096Fh \
  -ASFR19=0980h-09EFh -ASFR20=0A00h-0A6Fh -ASFR21=0A80h-0AEFh \
  -ASFR22=0B00h-0B6Fh -ASFR23=0B80h-0BEFh -ASFR24=0C00h-0C6Fh \
  -ASFR25=0C80h-0CEFh -ASFR26=0D00h-0D6Fh -ASFR27=0D80h-0DEFh \
  -ASFR28=0E00h-0E6Fh -ASFR29=0E80h-0EEFh -ASFR30=0F00h-0F6Fh \
  -ASFR31=0F80h-0FEFh -preset_vec=00h,intentry,init,end_init -ppowerup=CODE \
  -pcinit=CODE -pfunctab=ENTRY -ACONFIG=08007h-08008h -pconfig=CONFIG \
  -DCONFIG=2 -AIDLOC=08000h-08003h -pidloc=IDLOC -DIDLOC=2 \
  -AEEDATA=00h-0FFh/0F000h -peeprom_data=EEDATA -DEEDATA=2 -DCODE=2 \
  -DSTRCODE=2 -DSTRING=2 -DCONST=2 -DENTRY=2 -k \
  C:\Users\georg\AppData\Local\Temp\sl90.o \
  dist/default/production\XboxOneX_project.X.production.o 

Object code version is 3.11

Machine type is 16F1825



                Name                               Link     Load   Length Selector   Space Scale
C:\Users\georg\AppData\Local\Temp\sl90.o
                end_init                              2        2        2        0       0
                reset_vec                             0        0        2        0       0
                config                             8007     8007        2    1000E       0
dist/default/production\XboxOneX_project.X.production.o
                cinit                               7FA      7FA        6      FF4       0
                text15                              5D3      5D3        C      BA6       0
                text14                              5A8      5A8        6      B50       0
                text13                              5AE      5AE        6      B5C       0
                text12                              5BA      5BA        7      B74       0
                text11                              5DF      5DF       19      BBE       0
                text10                              647      647       31      C8E       0
                text9                               5C1      5C1        9      B82       0
                text8                               743      743       5A      E86       0
                text7                               617      617       30      C2E       0
                text6                               5CA      5CA        9      B94       0
                text5                               6B7      6B7       43      D6E       0
                text4                               6FA      6FA       49      DF4       0
                text3                               678      678       3F      CF0       0
                text2                               5F8      5F8       1F      BF0       0
                text1                               79D      79D       5D      F3A       0
                maintext                            5B4      5B4        6      B68       0
                cstackBANK0                          20       20        A       20       1
                cstackCOMMON                         70       70        E       70       1
                bssBANK0                             2A       2A        2       20       1
                stringtext1                         800      800        B     1000       0

TOTAL           Name                               Link     Load   Length     Space
        CLASS   STACK          

        CLASS   CODE           
                end_init                              2        2        2         0
                cinit                               7FA      7FA        6         0
                reset_vec                             0        0        2         0
                text15                              5D3      5D3        C         0
                text14                              5A8      5A8        6         0
                text13                              5AE      5AE        6         0
                text12                              5BA      5BA        7         0
                text11                              5DF      5DF       19         0
                text10                              647      647       31         0
                text9                               5C1      5C1        9         0
                text8                               743      743       5A         0
                text7                               617      617       30         0
                text6                               5CA      5CA        9         0
                text5                               6B7      6B7       43         0
                text4                               6FA      6FA       49         0
                text3                               678      678       3F         0
                text2                               5F8      5F8       1F         0
                text1                               79D      79D       5D         0
                maintext                            5B4      5B4        6         0

        CLASS   STRCODE        
                stringtext1                         800      800        B         0

        CLASS   STRING         

        CLASS   CONST          

        CLASS   ENTRY          

        CLASS   COMMON         
                cstackCOMMON                         70       70        E         1

        CLASS   BANK0          
                cstackBANK0                          20       20        A         1
                bssBANK0                             2A       2A        2         1

        CLASS   BANK1          

        CLASS   BANK2          

        CLASS   BANK3          

        CLASS   BANK4          

        CLASS   BANK5          

        CLASS   BANK6          

        CLASS   BANK7          

        CLASS   BANK8          

        CLASS   BANK9          

        CLASS   BANK10         

        CLASS   BANK11         

        CLASS   BANK12         

        CLASS   BIGRAM         

        CLASS   RAM            

        CLASS   ABS1           
                abs_s1                               7E       7E        2         1

        CLASS   SFR0           

        CLASS   SFR1           

        CLASS   SFR2           

        CLASS   SFR3           

        CLASS   SFR4           

        CLASS   SFR5           

        CLASS   SFR6           

        CLASS   SFR7           

        CLASS   SFR8           

        CLASS   SFR9           

        CLASS   SFR10          

        CLASS   SFR11          

        CLASS   SFR12          

        CLASS   SFR13          

        CLASS   SFR14          

        CLASS   SFR15          

        CLASS   SFR16          

        CLASS   SFR17          

        CLASS   SFR18          

        CLASS   SFR19          

        CLASS   SFR20          

        CLASS   SFR21          

        CLASS   SFR22          

        CLASS   SFR23          

        CLASS   SFR24          

        CLASS   SFR25          

        CLASS   SFR26          

        CLASS   SFR27          

        CLASS   SFR28          

        CLASS   SFR29          

        CLASS   SFR30          

        CLASS   SFR31          

        CLASS   CONFIG         
                config                             8007     8007        2         0

        CLASS   IDLOC          

        CLASS   EEDATA         

        CLASS   BANK31         

        CLASS   BANK30         

        CLASS   BANK29         

        CLASS   BANK28         

        CLASS   BANK27         

        CLASS   BANK26         

        CLASS   BANK25         

        CLASS   BANK24         

        CLASS   BANK23         

        CLASS   BANK22         

        CLASS   BANK21         

        CLASS   BANK20         

        CLASS   BANK19         

        CLASS   BANK18         

        CLASS   BANK17         

        CLASS   BANK16         

        CLASS   BANK15         

        CLASS   BANK14         

        CLASS   BANK13         



SEGMENTS        Name                           Load    Length   Top    Selector   Space  Class     Delta

                reset_vec                      000000  000004  000004         0       0  CODE        2
                cstackBANK0                    000020  00000C  00002C        20       1  BANK0       1
                cstackCOMMON                   000070  00000E  00007E        70       1  COMMON      1
                text14                         0005A8  000006  0005AE       B50       0  CODE        2
                text13                         0005AE  000006  0005B4       B5C       0  CODE        2
                maintext                       0005B4  000006  0005BA       B68       0  CODE        2
                text12                         0005BA  000007  0005C1       B74       0  CODE        2
                text9                          0005C1  000009  0005CA       B82       0  CODE        2
                text6                          0005CA  000009  0005D3       B94       0  CODE        2
                text15                         0005D3  00000C  0005DF       BA6       0  CODE        2
                text11                         0005DF  000019  0005F8       BBE       0  CODE        2
                text2                          0005F8  00001F  000617       BF0       0  CODE        2
                text7                          000617  000030  000647       C2E       0  CODE        2
                text10                         000647  000031  000678       C8E       0  CODE        2
                text3                          000678  00003F  0006B7       CF0       0  CODE        2
                text5                          0006B7  000043  0006FA       D6E       0  CODE        2
                text4                          0006FA  000049  000743       DF4       0  CODE        2
                text8                          000743  00005A  00079D       E86       0  CODE        2
                text1                          00079D  00005D  0007FA       F3A       0  CODE        2
                cinit                          0007FA  000006  000800       FF4       0  CODE        2
                stringtext1                    000800  00000B  00080B      1000       0  STRCODE     2
                config                         008007  000002  008009     1000E       0  CONFIG      2


UNUSED ADDRESS RANGES

        Name                Unused          Largest block    Delta
        BANK0            0002C-0006F              44           1
        BANK1            000A0-000EF              50           1
        BANK10           00520-0056F              50           1
        BANK11           005A0-005EF              50           1
        BANK12           00620-0064F              30           1
        BANK2            00120-0016F              50           1
        BANK3            001A0-001EF              50           1
        BANK4            00220-0026F              50           1
        BANK5            002A0-002EF              50           1
        BANK6            00320-0036F              50           1
        BANK7            003A0-003EF              50           1
        BANK8            00420-0046F              50           1
        BANK9            004A0-004EF              50           1
        BIGRAM           02000-023EF             3F0           1
        CODE             00004-005A7             5A4           2
                         0080B-01FFF             800
        CONST            00004-005A7             100           2
                         0080B-01FFF             100
        EEDATA           0F000-0F0FF             100           2
        ENTRY            00004-005A7             100           2
                         0080B-01FFF             100
        IDLOC            08000-08003               4           2
        RAM              0002C-0006F              44           1
                         000A0-000EF              50
                         00120-0016F              50
                         001A0-001EF              50
                         00220-0026F              50
                         002A0-002EF              50
                         00320-0036F              50
                         003A0-003EF              50
                         00420-0046F              50
                         004A0-004EF              50
                         00520-0056F              50
                         005A0-005EF              50
                         00620-0064F              30
        SFR0             00000-0001F              20           1
        SFR1             00080-0009F              20           1
        SFR10            00500-0051F              20           1
        SFR11            00580-0059F              20           1
        SFR12            00600-0061F              20           1
        SFR13            00680-006EF              70           1
        SFR14            00700-0076F              70           1
        SFR15            00780-007EF              70           1
        SFR16            00800-0086F              70           1
        SFR17            00880-008EF              70           1
        SFR18            00900-0096F              70           1
        SFR19            00980-009EF              70           1
        SFR2             00100-0011F              20           1
        SFR20            00A00-00A6F              70           1
        SFR21            00A80-00AEF              70           1
        SFR22            00B00-00B6F              70           1
        SFR23            00B80-00BEF              70           1
        SFR24            00C00-00C6F              70           1
        SFR25            00C80-00CEF              70           1
        SFR26            00D00-00D6F              70           1
        SFR27            00D80-00DEF              70           1
        SFR28            00E00-00E6F              70           1
        SFR29            00E80-00EEF              70           1
        SFR3             00180-0019F              20           1
        SFR30            00F00-00F6F              70           1
        SFR31            00F80-00FEF              70           1
        SFR4             00200-0021F              20           1
        SFR5             00280-0029F              20           1
        SFR6             00300-0031F              20           1
        SFR7             00380-0039F              20           1
        SFR8             00400-0041F              20           1
        SFR9             00480-0049F              20           1
        STACK            0200C-023EF             3E4           1
        STRCODE          00004-005A7             5A4           2
                         0080B-01FFF            17F5
        STRING           00004-005A7             100           2
                         0080B-01FFF             100

                                  Symbol Table

?___lldiv                   cstackCOMMON 00070
I2C_Master_Init@c           cstackBANK0  00020
I2C_Write_Display@d         cstackCOMMON 00070
Lcd_Cmd@a                   cstackCOMMON 0007A
Lcd_Cmd@buff                cstackCOMMON 00078
Lcd_Port@data               cstackCOMMON 00074
Lcd_Set_Cursor@a            cstackBANK0  00020
Lcd_Set_Cursor@b            cstackCOMMON 0007B
Lcd_Set_Cursor@temp         cstackBANK0  00023
Lcd_Set_Cursor@y            cstackBANK0  00022
Lcd_Set_Cursor@z            cstackBANK0  00021
Lcd_Write_Char@a            cstackCOMMON 00077
Lcd_Write_Char@temp         cstackCOMMON 00079
Lcd_Write_Char@y            cstackCOMMON 00078
Lcd_Write_String@a          cstackCOMMON 0007A
Lcd_Write_String@i          cstackBANK0  00020
_ANSELA                     (abs)        0018C
_ANSELC                     (abs)        0018E
_Cursor_Off                 text9        005C1
_I2C_Master_Init            text7        00617
_I2C_Master_Start           text14       005A8
_I2C_Master_Stop            text13       005AE
_I2C_Master_Wait            text15       005D3
_I2C_Write_Display          text12       005BA
_INTCONbits                 (abs)        0000B
_LATA                       (abs)        0010C
_LATC                       (abs)        0010E
_Lcd_Clear                  text6        005CA
_Lcd_Cmd                    text10       00647
_Lcd_Init                   text5        006B7
_Lcd_Port                   text11       005DF
_Lcd_Set_Cursor             text4        006FA
_Lcd_Write_Char             text3        00678
_Lcd_Write_String           text2        005F8
_OSCCONbits                 (abs)        00099
_PORTA                      (abs)        0000C
_PORTC                      (abs)        0000E
_SSP1ADD                    (abs)        00212
_SSP1BUF                    (abs)        00211
_SSP1CON1                   (abs)        00215
_SSP1CON2                   (abs)        00216
_SSP1CON2bits               (abs)        00216
_SSP1STAT                   (abs)        00214
_SSPBUF                     (abs)        00211
_TRISA                      (abs)        0008C
_TRISAbits                  (abs)        0008C
_TRISC                      (abs)        0008E
_TRISCbits                  (abs)        0008E
__CFG_BOREN$OFF             (abs)        00000
__CFG_BORV$LO               (abs)        00000
__CFG_CLKOUTEN$OFF          (abs)        00000
__CFG_CP$OFF                (abs)        00000
__CFG_CPD$OFF               (abs)        00000
__CFG_FCMEN$OFF             (abs)        00000
__CFG_FOSC$INTOSC           (abs)        00000
__CFG_IESO$OFF              (abs)        00000
__CFG_LVP$ON                (abs)        00000
__CFG_MCLRE$ON              (abs)        00000
__CFG_PLLEN$OFF             (abs)        00000
__CFG_PWRTE$OFF             (abs)        00000
__CFG_STVREN$OFF            (abs)        00000
__CFG_WDTE$OFF              (abs)        00000
__CFG_WRT$OFF               (abs)        00000
__Habs1                     abs1         00000
__Hbank0                    bank0        00000
__Hbank1                    bank1        00000
__Hbank10                   bank10       00000
__Hbank11                   bank11       00000
__Hbank12                   bank12       00000
__Hbank13                   bank13       00000
__Hbank14                   bank14       00000
__Hbank15                   bank15       00000
__Hbank16                   bank16       00000
__Hbank17                   bank17       00000
__Hbank18                   bank18       00000
__Hbank19                   bank19       00000
__Hbank2                    bank2        00000
__Hbank20                   bank20       00000
__Hbank21                   bank21       00000
__Hbank22                   bank22       00000
__Hbank23                   bank23       00000
__Hbank24                   bank24       00000
__Hbank25                   bank25       00000
__Hbank26                   bank26       00000
__Hbank27                   bank27       00000
__Hbank28                   bank28       00000
__Hbank29                   bank29       00000
__Hbank3                    bank3        00000
__Hbank30                   bank30       00000
__Hbank31                   bank31       00000
__Hbank4                    bank4        00000
__Hbank5                    bank5        00000
__Hbank6                    bank6        00000
__Hbank7                    bank7        00000
__Hbank8                    bank8        00000
__Hbank9                    bank9        00000
__Hbigram                   bigram       00000
__HbssBANK0                 bssBANK0     00000
__Hcinit                    cinit        00800
__Hclrtext                  clrtext      00000
__Hcode                     code         00000
__Hcommon                   common       00000
__Hconfig                   config       08009
__HcstackBANK0              cstackBANK0  00000
__HcstackCOMMON             cstackCOMMON 00000
__Heeprom_data              eeprom_data  00000
__Hend_init                 end_init     00004
__Hfunctab                  functab      00000
__Hidloc                    idloc        00000
__Hinit                     init         00002
__Hintentry                 intentry     00002
__Hmaintext                 maintext     00000
__Hpowerup                  powerup      00000
__Hram                      ram          00000
__Hreset_vec                reset_vec    00002
__Hsfr0                     sfr0         00000
__Hsfr1                     sfr1         00000
__Hsfr10                    sfr10        00000
__Hsfr11                    sfr11        00000
__Hsfr12                    sfr12        00000
__Hsfr13                    sfr13        00000
__Hsfr14                    sfr14        00000
__Hsfr15                    sfr15        00000
__Hsfr16                    sfr16        00000
__Hsfr17                    sfr17        00000
__Hsfr18                    sfr18        00000
__Hsfr19                    sfr19        00000
__Hsfr2                     sfr2         00000
__Hsfr20                    sfr20        00000
__Hsfr21                    sfr21        00000
__Hsfr22                    sfr22        00000
__Hsfr23                    sfr23        00000
__Hsfr24                    sfr24        00000
__Hsfr25                    sfr25        00000
__Hsfr26                    sfr26        00000
__Hsfr27                    sfr27        00000
__Hsfr28                    sfr28        00000
__Hsfr29                    sfr29        00000
__Hsfr3                     sfr3         00000
__Hsfr30                    sfr30        00000
__Hsfr31                    sfr31        00000
__Hsfr4                     sfr4         00000
__Hsfr5                     sfr5         00000
__Hsfr6                     sfr6         00000
__Hsfr7                     sfr7         00000
__Hsfr8                     sfr8         00000
__Hsfr9                     sfr9         00000
__Hspace_0                  (abs)        08009
__Hspace_1                  (abs)        0007E
__Hspace_2                  (abs)        00000
__Hspace_3                  (abs)        00000
__Hstack                    stack        00000
__Hstrings                  strings      00000
__Hstringtext1              stringtext1  00000
__Hstringtext2              stringtext2  00000
__Htext                     text         00000
__Labs1                     abs1         00000
__Lbank0                    bank0        00000
__Lbank1                    bank1        00000
__Lbank10                   bank10       00000
__Lbank11                   bank11       00000
__Lbank12                   bank12       00000
__Lbank13                   bank13       00000
__Lbank14                   bank14       00000
__Lbank15                   bank15       00000
__Lbank16                   bank16       00000
__Lbank17                   bank17       00000
__Lbank18                   bank18       00000
__Lbank19                   bank19       00000
__Lbank2                    bank2        00000
__Lbank20                   bank20       00000
__Lbank21                   bank21       00000
__Lbank22                   bank22       00000
__Lbank23                   bank23       00000
__Lbank24                   bank24       00000
__Lbank25                   bank25       00000
__Lbank26                   bank26       00000
__Lbank27                   bank27       00000
__Lbank28                   bank28       00000
__Lbank29                   bank29       00000
__Lbank3                    bank3        00000
__Lbank30                   bank30       00000
__Lbank31                   bank31       00000
__Lbank4                    bank4        00000
__Lbank5                    bank5        00000
__Lbank6                    bank6        00000
__Lbank7                    bank7        00000
__Lbank8                    bank8        00000
__Lbank9                    bank9        00000
__Lbigram                   bigram       00000
__LbssBANK0                 bssBANK0     00000
__Lcinit                    cinit        007FA
__Lclrtext                  clrtext      00000
__Lcode                     code         00000
__Lcommon                   common       00000
__Lconfig                   config       08007
__LcstackBANK0              cstackBANK0  00000
__LcstackCOMMON             cstackCOMMON 00000
__Leeprom_data              eeprom_data  00000
__Lend_init                 end_init     00002
__Lfunctab                  functab      00000
__Lidloc                    idloc        00000
__Linit                     init         00002
__Lintentry                 intentry     00002
__Lmaintext                 maintext     00000
__Lpowerup                  powerup      00000
__Lram                      ram          00000
__Lreset_vec                reset_vec    00000
__Lsfr0                     sfr0         00000
__Lsfr1                     sfr1         00000
__Lsfr10                    sfr10        00000
__Lsfr11                    sfr11        00000
__Lsfr12                    sfr12        00000
__Lsfr13                    sfr13        00000
__Lsfr14                    sfr14        00000
__Lsfr15                    sfr15        00000
__Lsfr16                    sfr16        00000
__Lsfr17                    sfr17        00000
__Lsfr18                    sfr18        00000
__Lsfr19                    sfr19        00000
__Lsfr2                     sfr2         00000
__Lsfr20                    sfr20        00000
__Lsfr21                    sfr21        00000
__Lsfr22                    sfr22        00000
__Lsfr23                    sfr23        00000
__Lsfr24                    sfr24        00000
__Lsfr25                    sfr25        00000
__Lsfr26                    sfr26        00000
__Lsfr27                    sfr27        00000
__Lsfr28                    sfr28        00000
__Lsfr29                    sfr29        00000
__Lsfr3                     sfr3         00000
__Lsfr30                    sfr30        00000
__Lsfr31                    sfr31        00000
__Lsfr4                     sfr4         00000
__Lsfr5                     sfr5         00000
__Lsfr6                     sfr6         00000
__Lsfr7                     sfr7         00000
__Lsfr8                     sfr8         00000
__Lsfr9                     sfr9         00000
__Lspace_0                  (abs)        00000
__Lspace_1                  (abs)        00000
__Lspace_2                  (abs)        00000
__Lspace_3                  (abs)        00000
__Lstack                    stack        00000
__Lstrings                  strings      00000
__Lstringtext1              stringtext1  00000
__Lstringtext2              stringtext2  00000
__Ltext                     text         00000
__S0                        (abs)        08009
__S1                        (abs)        0007E
__S2                        (abs)        00000
__S3                        (abs)        00000
___int_sp                   stack        00000
___latbits                  (abs)        00002
___lldiv                    text8        00743
___lldiv@counter            cstackCOMMON 0007D
___lldiv@dividend           cstackCOMMON 00074
___lldiv@divisor            cstackCOMMON 00070
___lldiv@quotient           cstackCOMMON 00079
___sp                       stack        00000
___stackhi                  (abs)        023EF
___stacklo                  (abs)        0200C
__end_of_Cursor_Off         text9        005CA
__end_of_I2C_Master_Init    text7        00647
__end_of_I2C_Master_Start   text14       005AE
__end_of_I2C_Master_Stop    text13       005B4
__end_of_I2C_Master_Wait    text15       005DF
__end_of_I2C_Write_Display  text12       005C1
__end_of_Lcd_Clear          text6        005D3
__end_of_Lcd_Cmd            text10       00678
__end_of_Lcd_Init           text5        006FA
__end_of_Lcd_Port           text11       005F8
__end_of_Lcd_Set_Cursor     text4        00743
__end_of_Lcd_Write_Char     text3        006B7
__end_of_Lcd_Write_String   text2        00617
__end_of___lldiv            text8        0079D
__end_of__initialization    cinit        007FD
__end_of_config             text1        007FA
__end_of_main               maintext     005BA
__initialization            cinit        007FA
__pbssBANK0                 bssBANK0     0002A
__pcstackBANK0              cstackBANK0  00020
__pcstackCOMMON             cstackCOMMON 00070
__pmaintext                 maintext     005B4
__pstringtext1              stringtext1  00800
__pstringtext2              stringtext2  00000
__ptext1                    text1        0079D
__ptext10                   text10       00647
__ptext11                   text11       005DF
__ptext12                   text12       005BA
__ptext13                   text13       005AE
__ptext14                   text14       005A8
__ptext15                   text15       005D3
__ptext2                    text2        005F8
__ptext3                    text3        00678
__ptext4                    text4        006FA
__ptext5                    text5        006B7
__ptext6                    text6        005CA
__ptext7                    text7        00617
__ptext8                    text8        00743
__ptext9                    text9        005C1
__size_of_Cursor_Off        (abs)        00000
__size_of_I2C_Master_Init   (abs)        00000
__size_of_I2C_Master_Start  (abs)        00000
__size_of_I2C_Master_Stop   (abs)        00000
__size_of_I2C_Master_Wait   (abs)        00000
__size_of_I2C_Write_Display (abs)        00000
__size_of_Lcd_Clear         (abs)        00000
__size_of_Lcd_Cmd           (abs)        00000
__size_of_Lcd_Init          (abs)        00000
__size_of_Lcd_Port          (abs)        00000
__size_of_Lcd_Set_Cursor    (abs)        00000
__size_of_Lcd_Write_Char    (abs)        00000
__size_of_Lcd_Write_String  (abs)        00000
__size_of___lldiv           (abs)        00000
__size_of_config            (abs)        00000
__size_of_main              (abs)        00000
_config                     text1        0079D
_main                       maintext     005B4
btemp                       (abs)        0007E
end_of_initialization       cinit        007FD
intlevel0                   functab      00000
intlevel1                   functab      00000
intlevel2                   functab      00000
intlevel3                   functab      00000
intlevel4                   functab      00000
intlevel5                   functab      00000
reset_vec                   reset_vec    00000
start                       init         00002
start_initialization        cinit        007FA
wtemp0                      (abs)        0007E


FUNCTION INFORMATION:

 *************** function _main *****************
 Defined at:
		line 14 in file "main.c"
 Parameters:    Size  Location     Type
		None
 Auto vars:     Size  Location     Type
		None
 Return value:  Size  Location     Type
                  1    wreg      void 
 Registers used:
		wreg, fsr0l, fsr0h, status,2, status,0, pclath, cstack
 Tracked objects:
		On entry : 
		On exit  : 
		Unchanged: 
 Data sizes:     COMMON   BANK0   BANK1   BANK2   BANK3   BANK4   BANK5   BANK6   BANK7   BANK8   BANK9  BANK10  BANK11  BANK12
      Params:         0       0       0       0       0       0       0       0       0       0       0       0       0       0
      Locals:         0       0       0       0       0       0       0       0       0       0       0       0       0       0
      Temps:          0       0       0       0       0       0       0       0       0       0       0       0       0       0
      Totals:         0       0       0       0       0       0       0       0       0       0       0       0       0       0
Total ram usage:        0 bytes
 Hardware stack levels required when called:    6
 This function calls:
		_config
 This function is called by:
		Startup code after reset
 This function uses a non-reentrant model


 *************** function _config *****************
 Defined at:
		line 13 in file "config.c"
 Parameters:    Size  Location     Type
		None
 Auto vars:     Size  Location     Type
		None
 Return value:  Size  Location     Type
                  1    wreg      void 
 Registers used:
		wreg, fsr0l, fsr0h, status,2, status,0, pclath, cstack
 Tracked objects:
		On entry : 
		On exit  : 
		Unchanged: 
 Data sizes:     COMMON   BANK0   BANK1   BANK2   BANK3   BANK4   BANK5   BANK6   BANK7   BANK8   BANK9  BANK10  BANK11  BANK12
      Params:         0       0       0       0       0       0       0       0       0       0       0       0       0       0
      Locals:         0       0       0       0       0       0       0       0       0       0       0       0       0       0
      Temps:          0       2       0       0       0       0       0       0       0       0       0       0       0       0
      Totals:         0       2       0       0       0       0       0       0       0       0       0       0       0       0
Total ram usage:        2 bytes
 Hardware stack levels used:    1
 Hardware stack levels required when called:    5
 This function calls:
		_Cursor_Off
		_I2C_Master_Init
		_Lcd_Clear
		_Lcd_Init
		_Lcd_Set_Cursor
		_Lcd_Write_String
 This function is called by:
		_main
 This function uses a non-reentrant model


 *************** function _Lcd_Write_String *****************
 Defined at:
		line 114 in file "i2c_display.c"
 Parameters:    Size  Location     Type
  a               2   10[COMMON] PTR unsigned char 
		 -> STR_1(11), 
 Auto vars:     Size  Location     Type
  i               2    0[BANK0 ] int 
 Return value:  Size  Location     Type
                  1    wreg      void 
 Registers used:
		wreg, fsr0l, fsr0h, status,2, status,0, pclath, cstack
 Tracked objects:
		On entry : 
		On exit  : 
		Unchanged: 
 Data sizes:     COMMON   BANK0   BANK1   BANK2   BANK3   BANK4   BANK5   BANK6   BANK7   BANK8   BANK9  BANK10  BANK11  BANK12
      Params:         2       0       0       0       0       0       0       0       0       0       0       0       0       0
      Locals:         0       2       0       0       0       0       0       0       0       0       0       0       0       0
      Temps:          1       0       0       0       0       0       0       0       0       0       0       0       0       0
      Totals:         3       2       0       0       0       0       0       0       0       0       0       0       0       0
Total ram usage:        5 bytes
 Hardware stack levels used:    1
 Hardware stack levels required when called:    4
 This function calls:
		_Lcd_Write_Char
 This function is called by:
		_config
 This function uses a non-reentrant model


 *************** function _Lcd_Write_Char *****************
 Defined at:
		line 90 in file "i2c_display.c"
 Parameters:    Size  Location     Type
  a               1    wreg     unsigned char 
 Auto vars:     Size  Location     Type
  a               1    7[COMMON] unsigned char 
  temp            1    9[COMMON] unsigned char 
  y               1    8[COMMON] unsigned char 
 Return value:  Size  Location     Type
                  1    wreg      void 
 Registers used:
		wreg, status,2, status,0, pclath, cstack
 Tracked objects:
		On entry : 
		On exit  : 
		Unchanged: 
 Data sizes:     COMMON   BANK0   BANK1   BANK2   BANK3   BANK4   BANK5   BANK6   BANK7   BANK8   BANK9  BANK10  BANK11  BANK12
      Params:         0       0       0       0       0       0       0       0       0       0       0       0       0       0
      Locals:         3       0       0       0       0       0       0       0       0       0       0       0       0       0
      Temps:          2       0       0       0       0       0       0       0       0       0       0       0       0       0
      Totals:         5       0       0       0       0       0       0       0       0       0       0       0       0       0
Total ram usage:        5 bytes
 Hardware stack levels used:    1
 Hardware stack levels required when called:    3
 This function calls:
		_Lcd_Port
 This function is called by:
		_Lcd_Write_String
 This function uses a non-reentrant model


 *************** function _Lcd_Set_Cursor *****************
 Defined at:
		line 50 in file "i2c_display.c"
 Parameters:    Size  Location     Type
  a               1    wreg     unsigned char 
  b               1   11[COMMON] unsigned char 
 Auto vars:     Size  Location     Type
  a               1    0[BANK0 ] unsigned char 
  temp            1    3[BANK0 ] unsigned char 
  y               1    2[BANK0 ] unsigned char 
  z               1    1[BANK0 ] unsigned char 
 Return value:  Size  Location     Type
                  1    wreg      void 
 Registers used:
		wreg, status,2, status,0, pclath, cstack
 Tracked objects:
		On entry : 
		On exit  : 
		Unchanged: 
 Data sizes:     COMMON   BANK0   BANK1   BANK2   BANK3   BANK4   BANK5   BANK6   BANK7   BANK8   BANK9  BANK10  BANK11  BANK12
      Params:         1       0       0       0       0       0       0       0       0       0       0       0       0       0
      Locals:         0       4       0       0       0       0       0       0       0       0       0       0       0       0
      Temps:          2       0       0       0       0       0       0       0       0       0       0       0       0       0
      Totals:         3       4       0       0       0       0       0       0       0       0       0       0       0       0
Total ram usage:        7 bytes
 Hardware stack levels used:    1
 Hardware stack levels required when called:    4
 This function calls:
		_Lcd_Cmd
 This function is called by:
		_config
 This function uses a non-reentrant model


 *************** function _Lcd_Init *****************
 Defined at:
		line 71 in file "i2c_display.c"
 Parameters:    Size  Location     Type
		None
 Auto vars:     Size  Location     Type
		None
 Return value:  Size  Location     Type
                  1    wreg      void 
 Registers used:
		wreg, status,2, status,0, pclath, cstack
 Tracked objects:
		On entry : 
		On exit  : 
		Unchanged: 
 Data sizes:     COMMON   BANK0   BANK1   BANK2   BANK3   BANK4   BANK5   BANK6   BANK7   BANK8   BANK9  BANK10  BANK11  BANK12
      Params:         0       0       0       0       0       0       0       0       0       0       0       0       0       0
      Locals:         0       0       0       0       0       0       0       0       0       0       0       0       0       0
      Temps:          1       0       0       0       0       0       0       0       0       0       0       0       0       0
      Totals:         1       0       0       0       0       0       0       0       0       0       0       0       0       0
Total ram usage:        1 bytes
 Hardware stack levels used:    1
 Hardware stack levels required when called:    4
 This function calls:
		_Lcd_Cmd
		_Lcd_Port
 This function is called by:
		_config
 This function uses a non-reentrant model


 *************** function _Lcd_Clear *****************
 Defined at:
		line 44 in file "i2c_display.c"
 Parameters:    Size  Location     Type
		None
 Auto vars:     Size  Location     Type
		None
 Return value:  Size  Location     Type
                  1    wreg      void 
 Registers used:
		wreg, status,2, status,0, pclath, cstack
 Tracked objects:
		On entry : 
		On exit  : 
		Unchanged: 
 Data sizes:     COMMON   BANK0   BANK1   BANK2   BANK3   BANK4   BANK5   BANK6   BANK7   BANK8   BANK9  BANK10  BANK11  BANK12
      Params:         0       0       0       0       0       0       0       0       0       0       0       0       0       0
      Locals:         0       0       0       0       0       0       0       0       0       0       0       0       0       0
      Temps:          0       0       0       0       0       0       0       0       0       0       0       0       0       0
      Totals:         0       0       0       0       0       0       0       0       0       0       0       0       0       0
Total ram usage:        0 bytes
 Hardware stack levels used:    1
 Hardware stack levels required when called:    4
 This function calls:
		_Lcd_Cmd
 This function is called by:
		_config
 This function uses a non-reentrant model


 *************** function _I2C_Master_Init *****************
 Defined at:
		line 164 in file "i2c_display.c"
 Parameters:    Size  Location     Type
  c               4    0[BANK0 ] const unsigned long 
 Auto vars:     Size  Location     Type
		None
 Return value:  Size  Location     Type
                  1    wreg      void 
 Registers used:
		wreg, status,2, status,0, pclath, cstack
 Tracked objects:
		On entry : 
		On exit  : 
		Unchanged: 
 Data sizes:     COMMON   BANK0   BANK1   BANK2   BANK3   BANK4   BANK5   BANK6   BANK7   BANK8   BANK9  BANK10  BANK11  BANK12
      Params:         0       4       0       0       0       0       0       0       0       0       0       0       0       0
      Locals:         0       0       0       0       0       0       0       0       0       0       0       0       0       0
      Temps:          0       4       0       0       0       0       0       0       0       0       0       0       0       0
      Totals:         0       8       0       0       0       0       0       0       0       0       0       0       0       0
Total ram usage:        8 bytes
 Hardware stack levels used:    1
 Hardware stack levels required when called:    1
 This function calls:
		___lldiv
 This function is called by:
		_config
 This function uses a non-reentrant model


 *************** function ___lldiv *****************
 Defined at:
		line 5 in file "C:\Program Files (x86)\Microchip\xc8\v2.10\pic\sources\c99\common\__lldiv.c"
 Parameters:    Size  Location     Type
  divisor         4    0[COMMON] unsigned long 
  dividend        4    4[COMMON] unsigned long 
 Auto vars:     Size  Location     Type
  quotient        4    9[COMMON] unsigned long 
  counter         1   13[COMMON] unsigned char 
 Return value:  Size  Location     Type
                  4    0[COMMON] unsigned long 
 Registers used:
		wreg, status,2, status,0
 Tracked objects:
		On entry : 
		On exit  : 
		Unchanged: 
 Data sizes:     COMMON   BANK0   BANK1   BANK2   BANK3   BANK4   BANK5   BANK6   BANK7   BANK8   BANK9  BANK10  BANK11  BANK12
      Params:         8       0       0       0       0       0       0       0       0       0       0       0       0       0
      Locals:         5       0       0       0       0       0       0       0       0       0       0       0       0       0
      Temps:          1       0       0       0       0       0       0       0       0       0       0       0       0       0
      Totals:        14       0       0       0       0       0       0       0       0       0       0       0       0       0
Total ram usage:       14 bytes
 Hardware stack levels used:    1
 This function calls:
		Nothing
 This function is called by:
		_I2C_Master_Init
 This function uses a non-reentrant model


 *************** function _Cursor_Off *****************
 Defined at:
		line 139 in file "i2c_display.c"
 Parameters:    Size  Location     Type
		None
 Auto vars:     Size  Location     Type
		None
 Return value:  Size  Location     Type
                  1    wreg      void 
 Registers used:
		wreg, status,2, status,0, pclath, cstack
 Tracked objects:
		On entry : 
		On exit  : 
		Unchanged: 
 Data sizes:     COMMON   BANK0   BANK1   BANK2   BANK3   BANK4   BANK5   BANK6   BANK7   BANK8   BANK9  BANK10  BANK11  BANK12
      Params:         0       0       0       0       0       0       0       0       0       0       0       0       0       0
      Locals:         0       0       0       0       0       0       0       0       0       0       0       0       0       0
      Temps:          0       0       0       0       0       0       0       0       0       0       0       0       0       0
      Totals:         0       0       0       0       0       0       0       0       0       0       0       0       0       0
Total ram usage:        0 bytes
 Hardware stack levels used:    1
 Hardware stack levels required when called:    4
 This function calls:
		_Lcd_Cmd
 This function is called by:
		_config
 This function uses a non-reentrant model


 *************** function _Lcd_Cmd *****************
 Defined at:
		line 25 in file "i2c_display.c"
 Parameters:    Size  Location     Type
  a               1    wreg     unsigned char 
 Auto vars:     Size  Location     Type
  a               1   10[COMMON] unsigned char 
  buff            2    8[COMMON] int 
 Return value:  Size  Location     Type
                  1    wreg      void 
 Registers used:
		wreg, status,2, status,0, pclath, cstack
 Tracked objects:
		On entry : 
		On exit  : 
		Unchanged: 
 Data sizes:     COMMON   BANK0   BANK1   BANK2   BANK3   BANK4   BANK5   BANK6   BANK7   BANK8   BANK9  BANK10  BANK11  BANK12
      Params:         0       0       0       0       0       0       0       0       0       0       0       0       0       0
      Locals:         4       0       0       0       0       0       0       0       0       0       0       0       0       0
      Temps:          2       0       0       0       0       0       0       0       0       0       0       0       0       0
      Totals:         6       0       0       0       0       0       0       0       0       0       0       0       0       0
Total ram usage:        6 bytes
 Hardware stack levels used:    1
 Hardware stack levels required when called:    3
 This function calls:
		_Lcd_Port
 This function is called by:
		_Lcd_Clear
		_Lcd_Set_Cursor
		_Lcd_Init
		_Cursor_Off
		_Lcd_Shift_Right
		_Lcd_Shift_Left
		_Cursor_On
		_Cursor_Left
		_Cursor_Right
 This function uses a non-reentrant model


 *************** function _Lcd_Port *****************
 Defined at:
		line 19 in file "i2c_display.c"
 Parameters:    Size  Location     Type
  data            1    wreg     unsigned char 
 Auto vars:     Size  Location     Type
  data            1    4[COMMON] unsigned char 
 Return value:  Size  Location     Type
                  1    wreg      void 
 Registers used:
		wreg, status,2, status,0, pclath, cstack
 Tracked objects:
		On entry : 
		On exit  : 
		Unchanged: 
 Data sizes:     COMMON   BANK0   BANK1   BANK2   BANK3   BANK4   BANK5   BANK6   BANK7   BANK8   BANK9  BANK10  BANK11  BANK12
      Params:         0       0       0       0       0       0       0       0       0       0       0       0       0       0
      Locals:         1       0       0       0       0       0       0       0       0       0       0       0       0       0
      Temps:          2       0       0       0       0       0       0       0       0       0       0       0       0       0
      Totals:         3       0       0       0       0       0       0       0       0       0       0       0       0       0
Total ram usage:        3 bytes
 Hardware stack levels used:    1
 Hardware stack levels required when called:    2
 This function calls:
		_I2C_Master_Start
		_I2C_Master_Stop
		_I2C_Write_Display
 This function is called by:
		_Lcd_Cmd
		_Lcd_Init
		_Lcd_Write_Char
 This function uses a non-reentrant model


 *************** function _I2C_Write_Display *****************
 Defined at:
		line 205 in file "i2c_display.c"
 Parameters:    Size  Location     Type
  d               2    0[COMMON] unsigned int 
 Auto vars:     Size  Location     Type
		None
 Return value:  Size  Location     Type
                  1    wreg      void 
 Registers used:
		wreg, status,2, status,0, pclath, cstack
 Tracked objects:
		On entry : 
		On exit  : 
		Unchanged: 
 Data sizes:     COMMON   BANK0   BANK1   BANK2   BANK3   BANK4   BANK5   BANK6   BANK7   BANK8   BANK9  BANK10  BANK11  BANK12
      Params:         2       0       0       0       0       0       0       0       0       0       0       0       0       0
      Locals:         0       0       0       0       0       0       0       0       0       0       0       0       0       0
      Temps:          0       0       0       0       0       0       0       0       0       0       0       0       0       0
      Totals:         2       0       0       0       0       0       0       0       0       0       0       0       0       0
Total ram usage:        2 bytes
 Hardware stack levels used:    1
 Hardware stack levels required when called:    1
 This function calls:
		_I2C_Master_Wait
 This function is called by:
		_Lcd_Port
 This function uses a non-reentrant model


 *************** function _I2C_Master_Stop *****************
 Defined at:
		line 193 in file "i2c_display.c"
 Parameters:    Size  Location     Type
		None
 Auto vars:     Size  Location     Type
		None
 Return value:  Size  Location     Type
                  1    wreg      void 
 Registers used:
		wreg, status,2, status,0, pclath, cstack
 Tracked objects:
		On entry : 
		On exit  : 
		Unchanged: 
 Data sizes:     COMMON   BANK0   BANK1   BANK2   BANK3   BANK4   BANK5   BANK6   BANK7   BANK8   BANK9  BANK10  BANK11  BANK12
      Params:         0       0       0       0       0       0       0       0       0       0       0       0       0       0
      Locals:         0       0       0       0       0       0       0       0       0       0       0       0       0       0
      Temps:          0       0       0       0       0       0       0       0       0       0       0       0       0       0
      Totals:         0       0       0       0       0       0       0       0       0       0       0       0       0       0
Total ram usage:        0 bytes
 Hardware stack levels used:    1
 Hardware stack levels required when called:    1
 This function calls:
		_I2C_Master_Wait
 This function is called by:
		_Lcd_Port
 This function uses a non-reentrant model


 *************** function _I2C_Master_Start *****************
 Defined at:
		line 181 in file "i2c_display.c"
 Parameters:    Size  Location     Type
		None
 Auto vars:     Size  Location     Type
		None
 Return value:  Size  Location     Type
                  1    wreg      void 
 Registers used:
		wreg, status,2, status,0, pclath, cstack
 Tracked objects:
		On entry : 
		On exit  : 
		Unchanged: 
 Data sizes:     COMMON   BANK0   BANK1   BANK2   BANK3   BANK4   BANK5   BANK6   BANK7   BANK8   BANK9  BANK10  BANK11  BANK12
      Params:         0       0       0       0       0       0       0       0       0       0       0       0       0       0
      Locals:         0       0       0       0       0       0       0       0       0       0       0       0       0       0
      Temps:          0       0       0       0       0       0       0       0       0       0       0       0       0       0
      Totals:         0       0       0       0       0       0       0       0       0       0       0       0       0       0
Total ram usage:        0 bytes
 Hardware stack levels used:    1
 Hardware stack levels required when called:    1
 This function calls:
		_I2C_Master_Wait
 This function is called by:
		_Lcd_Port
 This function uses a non-reentrant model


 *************** function _I2C_Master_Wait *****************
 Defined at:
		line 174 in file "i2c_display.c"
 Parameters:    Size  Location     Type
		None
 Auto vars:     Size  Location     Type
		None
 Return value:  Size  Location     Type
                  1    wreg      void 
 Registers used:
		wreg, status,2
 Tracked objects:
		On entry : 
		On exit  : 
		Unchanged: 
 Data sizes:     COMMON   BANK0   BANK1   BANK2   BANK3   BANK4   BANK5   BANK6   BANK7   BANK8   BANK9  BANK10  BANK11  BANK12
      Params:         0       0       0       0       0       0       0       0       0       0       0       0       0       0
      Locals:         0       0       0       0       0       0       0       0       0       0       0       0       0       0
      Temps:          0       0       0       0       0       0       0       0       0       0       0       0       0       0
      Totals:         0       0       0       0       0       0       0       0       0       0       0       0       0       0
Total ram usage:        0 bytes
 Hardware stack levels used:    1
 This function calls:
		Nothing
 This function is called by:
		_I2C_Master_Start
		_I2C_Master_Stop
		_I2C_Write_Display
		_I2C_Master_RepeatedStart
		_I2C_Master_Write
		_I2C_Master_Read
 This function uses a non-reentrant model



MODULE INFORMATION

Module		Function		Class		Link	Load	Size
i2c_display.c
		_Lcd_Write_String		CODE           	05F8	0000	32
		_Lcd_Init      		CODE           	06B7	0000	68
		_Lcd_Write_Char		CODE           	0678	0000	64
		_I2C_Master_Wait		CODE           	05D3	0000	13
		_I2C_Master_Init		CODE           	0617	0000	49
		_I2C_Master_Stop		CODE           	05AE	0000	7
		_Lcd_Cmd       		CODE           	0647	0000	50
		_Lcd_Set_Cursor		CODE           	06FA	0000	74
		_Lcd_Clear     		CODE           	05CA	0000	10
		_Cursor_Off    		CODE           	05C1	0000	10
		_I2C_Write_Display		CODE           	05BA	0000	8
		_Lcd_Port      		CODE           	05DF	0000	26
		_I2C_Master_Start		CODE           	05A8	0000	7

i2c_display.c estimated size: 418

C:\Program Files (x86)\Microchip\xc8\v2.10\pic\sources\c99\common\__lldiv.c
		___lldiv       		CODE           	0743	0000	91

C:\Program Files (x86)\Microchip\xc8\v2.10\pic\sources\c99\common\__lldiv.c estimated size: 91

config.c
		_config        		CODE           	079D	0000	94

config.c estimated size: 94

shared
		__initialization		CODE           	07FA	0000	4

shared estimated size: 4

main.c
		_main          		CODE           	05B4	0000	7

main.c estimated size: 7

